Let’s start by taking a bit of time to practice the git workflow below. It is so valuable to just practice this workflow a couple times, since you will most likely doing it professionally as well as in your individual projects and open source contributions. Here are some things to do.

1. Create a local repository and add and commit some files
mkdir GitHubExercise
cd GitHubExercise
git init
touch index.html app.css
git commit -m "created html css"

2. Create a remote repository and push your code from the local repo to the remote
git remote add origin https://github.com/jpyall10/GitHubExercise.git

3. Create a local branch and add and commit some files
git checkout -b noCSS
rm app.css
git commit -m "deleted CSS"

4. Push that local branch to GitHub to create a remote branch
git push origin noCSS

***********************
***********************
******MY TERMINAL******
***********************
***********************

jonp@jons-air Springboard % cd GitHubExercise 
jonp@jons-air GitHubExercise % git init
hint: Using 'master' as the name for the initial branch. This default branch name
hint: is subject to change. To configure the initial branch name to use in all
hint: of your new repositories, which will suppress this warning, call:
hint: 
hint: 	git config --global init.defaultBranch <name>
hint: 
hint: Names commonly chosen instead of 'master' are 'main', 'trunk' and
hint: 'development'. The just-created branch can be renamed via this command:
hint: 
hint: 	git branch -m <name>
Initialized empty Git repository in /Users/jonp/Documents/Springboard/GitHubExercise/.git/
jonp@jons-air GitHubExercise % git status
On branch master

No commits yet

nothing to commit (create/copy files and use "git add" to track)
jonp@jons-air GitHubExercise % touch index.html app.css    
jonp@jons-air GitHubExercise % git add .
jonp@jons-air GitHubExercise % git status
On branch master

No commits yet

Changes to be committed:
  (use "git rm --cached <file>..." to unstage)
	new file:   app.css
	new file:   index.html

jonp@jons-air GitHubExercise % git commit -m "created html css" 
[master (root-commit) 94e6129] created html css
 Committer: Jon Porter <jonp@jons-air.lan>
Your name and email address were configured automatically based
on your username and hostname. Please check that they are accurate.
You can suppress this message by setting them explicitly:

    git config --global user.name "Your Name"
    git config --global user.email you@example.com

After doing this, you may fix the identity used for this commit with:

    git commit --amend --reset-author

 2 files changed, 0 insertions(+), 0 deletions(-)
 create mode 100644 app.css
 create mode 100644 index.html
jonp@jons-air GitHubExercise % git status
On branch master
nothing to commit, working tree clean
jonp@jons-air GitHubExercise % git remote add origin https://github.com/jpyall10/GitHubExercise.git
jonp@jons-air GitHubExercise % git branch -M main
jonp@jons-air GitHubExercise % git push -u origin main
Enumerating objects: 3, done.
Counting objects: 100% (3/3), done.
Delta compression using up to 8 threads
Compressing objects: 100% (2/2), done.
Writing objects: 100% (3/3), 230 bytes | 230.00 KiB/s, done.
Total 3 (delta 0), reused 0 (delta 0), pack-reused 0
To https://github.com/jpyall10/GitHubExercise.git
 * [new branch]      main -> main
Branch 'main' set up to track remote branch 'main' from 'origin'.
jonp@jons-air GitHubExercise % git status
On branch main
Your branch is up to date with 'origin/main'.

nothing to commit, working tree clean
jonp@jons-air GitHubExercise % git checkout -b noCSS
Switched to a new branch 'noCSS'
jonp@jons-air GitHubExercise % ls
app.css		index.html
jonp@jons-air GitHubExercise % rm app.css
jonp@jons-air GitHubExercise % git status
On branch noCSS
Changes not staged for commit:
  (use "git add/rm <file>..." to update what will be committed)
  (use "git restore <file>..." to discard changes in working directory)
	deleted:    app.css

no changes added to commit (use "git add" and/or "git commit -a")
jonp@jons-air GitHubExercise % git add .
jonp@jons-air GitHubExercise % git status
On branch noCSS
Changes to be committed:
  (use "git restore --staged <file>..." to unstage)
	deleted:    app.css

jonp@jons-air GitHubExercise % git push origin noCSS
Total 0 (delta 0), reused 0 (delta 0), pack-reused 0
remote: 
remote: Create a pull request for 'noCSS' on GitHub by visiting:
remote:      https://github.com/jpyall10/GitHubExercise/pull/new/noCSS
remote: 
To https://github.com/jpyall10/GitHubExercise.git
 * [new branch]      noCSS -> noCSS
jonp@jons-air GitHubExercise % git checkout -b main
fatal: A branch named 'main' already exists.
jonp@jons-air GitHubExercise % git status
On branch noCSS
Changes to be committed:
  (use "git restore --staged <file>..." to unstage)
	deleted:    app.css

jonp@jons-air GitHubExercise % git branch main
fatal: A branch named 'main' already exists.
jonp@jons-air GitHubExercise % git checkout main
D	app.css
Switched to branch 'main'
Your branch is up to date with 'origin/main'.
jonp@jons-air GitHubExercise % git status
On branch main
Your branch is up to date with 'origin/main'.

Changes to be committed:
  (use "git restore --staged <file>..." to unstage)
	deleted:    app.css

jonp@jons-air GitHubExercise % git checkout noCSS
D	app.css
Switched to branch 'noCSS'
jonp@jons-air GitHubExercise % git status
On branch noCSS
Changes to be committed:
  (use "git restore --staged <file>..." to unstage)
	deleted:    app.css

jonp@jons-air GitHubExercise % git commit -m "deleted CSS"
[noCSS 05d77d0] deleted CSS
 Committer: Jon Porter <jonp@jons-air.lan>
Your name and email address were configured automatically based
on your username and hostname. Please check that they are accurate.
You can suppress this message by setting them explicitly:

    git config --global user.name "Your Name"
    git config --global user.email you@example.com

After doing this, you may fix the identity used for this commit with:

    git commit --amend --reset-author

 1 file changed, 0 insertions(+), 0 deletions(-)
 delete mode 100644 app.css
jonp@jons-air GitHubExercise % git status
On branch noCSS
nothing to commit, working tree clean
jonp@jons-air GitHubExercise % git push origin noCSS
Enumerating objects: 3, done.
Counting objects: 100% (3/3), done.
Delta compression using up to 8 threads
Compressing objects: 100% (1/1), done.
Writing objects: 100% (2/2), 237 bytes | 237.00 KiB/s, done.
Total 2 (delta 0), reused 0 (delta 0), pack-reused 0
To https://github.com/jpyall10/GitHubExercise.git
   94e6129..05d77d0  noCSS -> noCSS
jonp@jons-air GitHubExercise % git checkout main
Switched to branch 'main'
Your branch is up to date with 'origin/main'.
jonp@jons-air GitHubExercise % ls
app.css		index.html